// Jest Snapshot v1, https://goo.gl/fbAQLP

exports[`Test for NewsWidget should render correctly 1`] = `
<div>
  News Widget Component
  <NewsItem />
</div>
`;
