// Jest Snapshot v1, https://goo.gl/fbAQLP

exports[`Test for NewsItemt should render correctly 1`] = `
<div>
  News Item
</div>
`;
